------------------------------------------------------------
TimeQuest Timing Analyzer Summary
------------------------------------------------------------

Type  : Slow 1200mV 85C Model Setup 'clk_scki'
Slack : 0.541
TNS   : 0.000

Type  : Slow 1200mV 85C Model Setup 'Clock'
Slack : 0.717
TNS   : 0.000

Type  : Slow 1200mV 85C Model Setup 'clk_virtual'
Slack : 1.756
TNS   : 0.000

Type  : Slow 1200mV 85C Model Setup 'int_osc_clk'
Slack : 6.141
TNS   : 0.000

Type  : Slow 1200mV 85C Model Setup 'undefined_altera_flash_read_state_clock'
Slack : 56.432
TNS   : 0.000

Type  : Slow 1200mV 85C Model Hold 'Clock'
Slack : 0.279
TNS   : 0.000

Type  : Slow 1200mV 85C Model Hold 'clk_scki'
Slack : 0.363
TNS   : 0.000

Type  : Slow 1200mV 85C Model Hold 'int_osc_clk'
Slack : 0.474
TNS   : 0.000

Type  : Slow 1200mV 85C Model Hold 'undefined_altera_flash_read_state_clock'
Slack : 3.106
TNS   : 0.000

Type  : Slow 1200mV 85C Model Hold 'clk_virtual'
Slack : 56.837
TNS   : 0.000

Type  : Slow 1200mV 85C Model Recovery 'clk_scki'
Slack : 7.396
TNS   : 0.000

Type  : Slow 1200mV 85C Model Recovery 'Clock'
Slack : 26.724
TNS   : 0.000

Type  : Slow 1200mV 85C Model Removal 'Clock'
Slack : 1.371
TNS   : 0.000

Type  : Slow 1200mV 85C Model Removal 'clk_scki'
Slack : 2.376
TNS   : 0.000

Type  : Slow 1200mV 85C Model Minimum Pulse Width 'int_osc_clk'
Slack : 4.086
TNS   : 0.000

Type  : Slow 1200mV 85C Model Minimum Pulse Width 'Clock'
Slack : 26.059
TNS   : 0.000

Type  : Slow 1200mV 85C Model Minimum Pulse Width 'clk_scki'
Slack : 31.001
TNS   : 0.000

Type  : Slow 1200mV 85C Model Minimum Pulse Width 'undefined_altera_flash_read_state_clock'
Slack : 57.230
TNS   : 0.000

Type  : Slow 1200mV 85C Model Minimum Pulse Width 'uc_top_wrp_vlog_inst|flashload_inst|flash_inst|onchip_flash_0|altera_onchip_flash_block|ufm_block|osc'
Slack : 90.686
TNS   : 0.000

Type  : Slow 1200mV 85C Model Minimum Pulse Width 'clocks_inst|pll_inst|altpll_component|auto_generated|pll1|clk[0]'
Slack : 244.780
TNS   : 0.000

Type  : Slow 1200mV 0C Model Setup 'clk_scki'
Slack : 0.549
TNS   : 0.000

Type  : Slow 1200mV 0C Model Setup 'Clock'
Slack : 1.429
TNS   : 0.000

Type  : Slow 1200mV 0C Model Setup 'clk_virtual'
Slack : 2.425
TNS   : 0.000

Type  : Slow 1200mV 0C Model Setup 'int_osc_clk'
Slack : 6.376
TNS   : 0.000

Type  : Slow 1200mV 0C Model Setup 'undefined_altera_flash_read_state_clock'
Slack : 56.603
TNS   : 0.000

Type  : Slow 1200mV 0C Model Hold 'Clock'
Slack : 0.224
TNS   : 0.000

Type  : Slow 1200mV 0C Model Hold 'clk_scki'
Slack : 0.325
TNS   : 0.000

Type  : Slow 1200mV 0C Model Hold 'int_osc_clk'
Slack : 0.449
TNS   : 0.000

Type  : Slow 1200mV 0C Model Hold 'undefined_altera_flash_read_state_clock'
Slack : 2.732
TNS   : 0.000

Type  : Slow 1200mV 0C Model Hold 'clk_virtual'
Slack : 56.249
TNS   : 0.000

Type  : Slow 1200mV 0C Model Recovery 'clk_scki'
Slack : 7.528
TNS   : 0.000

Type  : Slow 1200mV 0C Model Recovery 'Clock'
Slack : 26.991
TNS   : 0.000

Type  : Slow 1200mV 0C Model Removal 'Clock'
Slack : 1.216
TNS   : 0.000

Type  : Slow 1200mV 0C Model Removal 'clk_scki'
Slack : 2.206
TNS   : 0.000

Type  : Slow 1200mV 0C Model Minimum Pulse Width 'int_osc_clk'
Slack : 4.071
TNS   : 0.000

Type  : Slow 1200mV 0C Model Minimum Pulse Width 'Clock'
Slack : 26.172
TNS   : 0.000

Type  : Slow 1200mV 0C Model Minimum Pulse Width 'clk_scki'
Slack : 30.966
TNS   : 0.000

Type  : Slow 1200mV 0C Model Minimum Pulse Width 'undefined_altera_flash_read_state_clock'
Slack : 57.258
TNS   : 0.000

Type  : Slow 1200mV 0C Model Minimum Pulse Width 'uc_top_wrp_vlog_inst|flashload_inst|flash_inst|onchip_flash_0|altera_onchip_flash_block|ufm_block|osc'
Slack : 90.673
TNS   : 0.000

Type  : Slow 1200mV 0C Model Minimum Pulse Width 'clocks_inst|pll_inst|altpll_component|auto_generated|pll1|clk[0]'
Slack : 244.884
TNS   : 0.000

Type  : Fast 1200mV 0C Model Setup 'clk_scki'
Slack : 1.488
TNS   : 0.000

Type  : Fast 1200mV 0C Model Setup 'Clock'
Slack : 4.090
TNS   : 0.000

Type  : Fast 1200mV 0C Model Setup 'clk_virtual'
Slack : 6.468
TNS   : 0.000

Type  : Fast 1200mV 0C Model Setup 'int_osc_clk'
Slack : 7.675
TNS   : 0.000

Type  : Fast 1200mV 0C Model Setup 'undefined_altera_flash_read_state_clock'
Slack : 59.701
TNS   : 0.000

Type  : Fast 1200mV 0C Model Hold 'Clock'
Slack : 0.055
TNS   : 0.000

Type  : Fast 1200mV 0C Model Hold 'clk_scki'
Slack : 0.148
TNS   : 0.000

Type  : Fast 1200mV 0C Model Hold 'int_osc_clk'
Slack : 0.170
TNS   : 0.000

Type  : Fast 1200mV 0C Model Hold 'undefined_altera_flash_read_state_clock'
Slack : 0.523
TNS   : 0.000

Type  : Fast 1200mV 0C Model Hold 'clk_virtual'
Slack : 53.244
TNS   : 0.000

Type  : Fast 1200mV 0C Model Recovery 'clk_scki'
Slack : 9.603
TNS   : 0.000

Type  : Fast 1200mV 0C Model Recovery 'Clock'
Slack : 29.374
TNS   : 0.000

Type  : Fast 1200mV 0C Model Removal 'Clock'
Slack : 0.559
TNS   : 0.000

Type  : Fast 1200mV 0C Model Removal 'clk_scki'
Slack : 0.691
TNS   : 0.000

Type  : Fast 1200mV 0C Model Minimum Pulse Width 'int_osc_clk'
Slack : 4.086
TNS   : 0.000

Type  : Fast 1200mV 0C Model Minimum Pulse Width 'Clock'
Slack : 25.813
TNS   : 0.000

Type  : Fast 1200mV 0C Model Minimum Pulse Width 'clk_scki'
Slack : 30.972
TNS   : 0.000

Type  : Fast 1200mV 0C Model Minimum Pulse Width 'undefined_altera_flash_read_state_clock'
Slack : 57.439
TNS   : 0.000

Type  : Fast 1200mV 0C Model Minimum Pulse Width 'uc_top_wrp_vlog_inst|flashload_inst|flash_inst|onchip_flash_0|altera_onchip_flash_block|ufm_block|osc'
Slack : 90.683
TNS   : 0.000

Type  : Fast 1200mV 0C Model Minimum Pulse Width 'clocks_inst|pll_inst|altpll_component|auto_generated|pll1|clk[0]'
Slack : 244.903
TNS   : 0.000

------------------------------------------------------------
